------------------------------------------------------------
Timing Analyzer Summary
------------------------------------------------------------

Type  : Slow 1100mV 85C Model Setup 'clk'
Slack : -18.101
TNS   : -137769.135

Type  : Slow 1100mV 85C Model Hold 'clk'
Slack : 0.352
TNS   : 0.000

Type  : Slow 1100mV 85C Model Minimum Pulse Width 'clk'
Slack : -0.394
TNS   : -5033.310

Type  : Slow 1100mV 0C Model Setup 'clk'
Slack : -17.579
TNS   : -132485.076

Type  : Slow 1100mV 0C Model Hold 'clk'
Slack : 0.370
TNS   : 0.000

Type  : Slow 1100mV 0C Model Minimum Pulse Width 'clk'
Slack : -0.394
TNS   : -5492.742

Type  : Fast 1100mV 85C Model Setup 'clk'
Slack : -10.975
TNS   : -82934.556

Type  : Fast 1100mV 85C Model Hold 'clk'
Slack : 0.175
TNS   : 0.000

Type  : Fast 1100mV 85C Model Minimum Pulse Width 'clk'
Slack : -0.093
TNS   : -783.488

Type  : Fast 1100mV 0C Model Setup 'clk'
Slack : -9.710
TNS   : -72901.783

Type  : Fast 1100mV 0C Model Hold 'clk'
Slack : 0.165
TNS   : 0.000

Type  : Fast 1100mV 0C Model Minimum Pulse Width 'clk'
Slack : -0.092
TNS   : -774.686

------------------------------------------------------------
